// Jest Snapshot v1, https://goo.gl/fbAQLP

exports[`should render Home correctly 1`] = `ShallowWrapper {}`;
