// Jest Snapshot v1, https://goo.gl/fbAQLP

exports[`should render correctly LoadingPage 1`] = `ShallowWrapper {}`;
